// Jest Snapshot v1, https://goo.gl/fbAQLP

exports[`the textarea component renders with defaults 1`] = `
initialize {
  "0": Object {
    "attribs": Object {},
    "children": Array [
      Object {
        "attribs": Object {
          "class": "form-group",
        },
        "children": Array [
          Object {
            "attribs": Object {
              "data-test": "label",
            },
            "children": Array [],
            "name": "label",
            "next": Object {
              "attribs": Object {
                "class": "form-control",
                "data-test": "textarea",
                "id": "",
                "placeholder": "",
              },
              "children": Array [],
              "name": "textarea",
              "next": null,
              "parent": [Circular],
              "prev": [Circular],
              "type": "tag",
            },
            "parent": [Circular],
            "prev": null,
            "type": "tag",
          },
          Object {
            "attribs": Object {
              "class": "form-control",
              "data-test": "textarea",
              "id": "",
              "placeholder": "",
            },
            "children": Array [],
            "name": "textarea",
            "next": null,
            "parent": [Circular],
            "prev": Object {
              "attribs": Object {
                "data-test": "label",
              },
              "children": Array [],
              "name": "label",
              "next": [Circular],
              "parent": [Circular],
              "prev": null,
              "type": "tag",
            },
            "type": "tag",
          },
        ],
        "name": "fieldset",
        "next": null,
        "parent": null,
        "prev": null,
        "root": [Circular],
        "type": "tag",
      },
    ],
    "name": "root",
    "next": null,
    "parent": null,
    "prev": null,
    "type": "root",
  },
  "_root": [Circular],
  "length": 1,
  "options": Object {
    "decodeEntities": true,
    "normalizeWhitespace": false,
    "withDomLvl1": true,
    "xmlMode": false,
  },
}
`;
